
> finance-tracker@0.1.0 build
> next build

  Γû▓ Next.js 14.2.0

   Creating an optimized production build ...
node.exe : (node:30740) [DEP0040] 
DeprecationWarning: The `punycode` 
module is deprecated. Please use a 
userland alternative instead.
At C:\Program 
Files\nodejs\npm.ps1:29 char:3
+   & $NODE_EXE $NPM_CLI_JS $args
+   ~~~~~~~~~~~~~~~~~~~~~~~~~~~~~
    + CategoryInfo          : NotSpe 
   cified: ((node:30740) [D...nativ  
  e instead.:String) [], RemoteExc   
 eption
    + FullyQualifiedErrorId : Native 
   CommandError
 
(Use `node --trace-deprecation ...` 
to show where the warning was 
created)
Failed to compile.

app\layout.tsx
An error occurred in `next/font`.

Error 
[ERR_UNSUPPORTED_ESM_URL_SCHEME]: 
Only URLs with a scheme in: file, 
data, and node are supported by the 
default ESM loader. On Windows, 
absolute paths must be valid file:// 
URLs. Received protocol 'c:'
    at throwIfUnsupportedURLScheme (n
ode:internal/modules/esm/load:217:11)
    at defaultLoad (node:internal/mod
ules/esm/load:109:3)
    at ModuleLoader.load (node:intern
al/modules/esm/loader:670:12)
    at ModuleLoader.loadAndTranslate 
(node:internal/modules/esm/loader:483
:43)
    at #createModuleJob (node:interna
l/modules/esm/loader:507:36)
    at #getJobFromResolveResult (node
:internal/modules/esm/loader:275:34)
    at 
ModuleLoader.getModuleJobForImport (n
ode:internal/modules/esm/loader:243:4
1)
    at async 
onImport.tracePromise.__proto__ (node
:internal/modules/esm/loader:546:25)

app\layout.tsx
An error occurred in `next/font`.

Error 
[ERR_UNSUPPORTED_ESM_URL_SCHEME]: 
Only URLs with a scheme in: file, 
data, and node are supported by the 
default ESM loader. On Windows, 
absolute paths must be valid file:// 
URLs. Received protocol 'c:'
    at throwIfUnsupportedURLScheme (n
ode:internal/modules/esm/load:217:11)
    at defaultLoad (node:internal/mod
ules/esm/load:109:3)
    at ModuleLoader.load (node:intern
al/modules/esm/loader:670:12)
    at ModuleLoader.loadAndTranslate 
(node:internal/modules/esm/loader:483
:43)
    at #createModuleJob (node:interna
l/modules/esm/loader:507:36)
    at #getJobFromResolveResult (node
:internal/modules/esm/loader:275:34)
    at 
ModuleLoader.getModuleJobForImport (n
ode:internal/modules/esm/loader:243:4
1)
    at async 
onImport.tracePromise.__proto__ (node
:internal/modules/esm/loader:546:25)


> Build failed because of webpack 
errors
